{"data":[{"id":"BRANCH_1","type":"branches","attributes":{"name":"Branch 1","address":"Address 1","phone":"Phone 1","email":"Email 1","website":"Website 1"},"relationships":{"media":{"data":[{"type":"media","id":"9b9b3d43-a775-4cd1-8454-e405e2fea459"}]}}},{"id":"BRANCH_2","type":"branches","attributes":{"name":"Branch 2","address":"Address 2","phone":"Phone 2","email":"Email 2","website":"Website 2"},"relationships":{"media":{"data":[{"type":"media","id":"9b9b3d43-a788-4fa2-8d52-b2f6c3b3c927"}]}}},{"id":"BRANCH_3","type":"branches","attributes":{"name":"Branch 3","address":"Address 3","phone":"Phone 3","email":"Email 3","website":"Website 3"},"relationships":{"media":{"data":[{"type":"media","id":"9b9b3d43-a79a-4d26-8525-9d607f52dfe6"}]}}}],"links":{"first":"http:\/\/test-app\/api\/branches?include=media&page%5Bnumber%5D=1","last":"http:\/\/test-app\/api\/branches?include=media&page%5Bnumber%5D=1"},"meta":{"current_page":1,"from":1,"last_page":1,"links":[{"url":null,"label":"&laquo; Previous","active":false},{"url":"http:\/\/test-app\/api\/branches?include=media&page%5Bnumber%5D=1","label":"1","active":true},{"url":null,"label":"Next &raquo;","active":false}],"path":"http:\/\/test-app\/api\/branches","per_page":30,"to":3,"total":3},"included":[{"id":"9b9b3d43-a775-4cd1-8454-e405e2fea459","type":"media","attributes":{"collection_name":"image","file_name":"1-800x600.jpg","custom_properties":[],"generated_conversions":{"list":"http:\/\/test-app\/storage\/media\/1\/conversions\/1-800x600-list.jpg","thumb":"http:\/\/test-app\/storage\/media\/1\/conversions\/1-800x600-thumb.jpg"},"type":"image"}},{"id":"9b9b3d43-a788-4fa2-8d52-b2f6c3b3c927","type":"media","attributes":{"collection_name":"image","file_name":"1-800x600.jpg","custom_properties":[],"generated_conversions":{"list":"http:\/\/test-app\/storage\/media\/2\/conversions\/1-800x600-list.jpg","thumb":"http:\/\/test-app\/storage\/media\/2\/conversions\/1-800x600-thumb.jpg"},"type":"image"}},{"id":"9b9b3d43-a79a-4d26-8525-9d607f52dfe6","type":"media","attributes":{"collection_name":"image","file_name":"1-800x600.jpg","custom_properties":[],"generated_conversions":{"list":"http:\/\/test-app\/storage\/media\/3\/conversions\/1-800x600-list.jpg","thumb":"http:\/\/test-app\/storage\/media\/3\/conversions\/1-800x600-thumb.jpg"},"type":"image"}}]}