{"data":[{"id":"9b9b3d43-a229-462a-9c26-5a7873c15730","type":"categories","attributes":{"name":"test parent name","description":"test parent description"},"relationships":{"products":{"data":[]}}},{"id":"9b9b3d43-a775-4cd1-8454-e405e2fea459","type":"categories","attributes":{"name":"test name","description":"test description"},"relationships":{"products":{"data":[{"type":"products","id":"9b9b3d43-a7a9-452d-8354-5ed74b277f0f"}]}}}],"links":{"first":"http:\/\/test-app\/api\/categories?include=products.skus&page%5Bnumber%5D=1","last":"http:\/\/test-app\/api\/categories?include=products.skus&page%5Bnumber%5D=1"},"meta":{"current_page":1,"from":1,"last_page":1,"links":[{"url":null,"label":"&laquo; Previous","active":false},{"url":"http:\/\/test-app\/api\/categories?include=products.skus&page%5Bnumber%5D=1","label":"1","active":true},{"url":null,"label":"Next &raquo;","active":false}],"path":"http:\/\/test-app\/api\/categories","per_page":30,"to":2,"total":2},"included":[{"id":"9b9b3d43-a7a9-452d-8354-5ed74b277f0f","type":"products","attributes":{"parent_sku":"sku sample","name":"Samsung Galaxy S21","description":"sample description","status":"in_stock"},"relationships":{"skus":{"data":[{"type":"skus","id":"9b9b3d43-a7c2-4577-9b58-07ff4c474799"}]}}},{"id":"9b9b3d43-a7c2-4577-9b58-07ff4c474799","type":"skus","attributes":{"code":"sample-code","price":{"amount":34900,"currency":"USD","formatted":"$349.00"}}}]}