{"data":[{"id":"9b9b3d43-a229-462a-9c26-5a7873c15730","type":"categories","attributes":{"name":"test parent name","description":"test parent description"},"relationships":{"products":{"data":[]}}},{"id":"9b9b3d43-a775-4cd1-8454-e405e2fea459","type":"categories","attributes":{"name":"test name","description":"test description"},"relationships":{"products":{"data":[{"type":"products","id":"9b9b3d43-a7a9-452d-8354-5ed74b277f0f"}]}}}],"links":{"first":"http:\/\/test-app\/api\/categories?include=products.media&page%5Bnumber%5D=1","last":"http:\/\/test-app\/api\/categories?include=products.media&page%5Bnumber%5D=1"},"meta":{"current_page":1,"from":1,"last_page":1,"links":[{"url":null,"label":"&laquo; Previous","active":false},{"url":"http:\/\/test-app\/api\/categories?include=products.media&page%5Bnumber%5D=1","label":"1","active":true},{"url":null,"label":"Next &raquo;","active":false}],"path":"http:\/\/test-app\/api\/categories","per_page":30,"to":2,"total":2},"included":[{"id":"9b9b3d43-a7a9-452d-8354-5ed74b277f0f","type":"products","attributes":{"parent_sku":"sku sample","name":"Samsung Galaxy S21","description":"sample description","status":"in_stock"},"relationships":{"media":{"data":[{"type":"media","id":"9b9b3d43-a7b1-44cd-8e88-d93a3e5601da"}]}}},{"id":"9b9b3d43-a7b1-44cd-8e88-d93a3e5601da","type":"media","attributes":{"collection_name":"image","file_name":"1-800x600.jpg","custom_properties":[],"generated_conversions":{"list":"http:\/\/test-app\/storage\/media\/4\/conversions\/1-800x600-list.jpg","thumb":"http:\/\/test-app\/storage\/media\/4\/conversions\/1-800x600-thumb.jpg"},"type":"image"}}]}