{"data":{"id":"9b9b3d43-a775-4cd1-8454-e405e2fea459","type":"categories","attributes":{"name":"test name","description":"test description"},"relationships":{"products":{"data":[{"type":"products","id":"9b9b3d43-a7a9-452d-8354-5ed74b277f0f"}]}}},"included":[{"id":"9b9b3d43-a7a9-452d-8354-5ed74b277f0f","type":"products","attributes":{"parent_sku":"sku sample","name":"Samsung Galaxy S21","description":"sample description","status":"in_stock"},"relationships":{"media":{"data":[{"type":"media","id":"9b9b3d43-a7b1-44cd-8e88-d93a3e5601da"}]}}},{"id":"9b9b3d43-a7b1-44cd-8e88-d93a3e5601da","type":"media","attributes":{"collection_name":"image","file_name":"1-800x600.jpg","custom_properties":[],"generated_conversions":{"list":"http:\/\/test-app\/storage\/media\/4\/conversions\/1-800x600-list.jpg","thumb":"http:\/\/test-app\/storage\/media\/4\/conversions\/1-800x600-thumb.jpg"},"type":"image"}}]}