{"data":{"id":"9b9b3d43-a775-4cd1-8454-e405e2fea459","type":"categories","attributes":{"name":"test name","description":"test description"},"relationships":{"products":{"data":[{"type":"products","id":"9b9b3d43-a7a9-452d-8354-5ed74b277f0f"}]}}},"included":[{"id":"9b9b3d43-a7a9-452d-8354-5ed74b277f0f","type":"products","attributes":{"parent_sku":"sku sample","name":"Samsung Galaxy S21","description":"sample description","status":"in_stock"},"relationships":{"brand":{"data":{"type":"brands","id":"9b9b3d43-a791-471c-82ec-edb5fb8e6b65"}}}},{"id":"9b9b3d43-a791-471c-82ec-edb5fb8e6b65","type":"brands","attributes":{"name":"test brand"}}]}