{"data":[{"id":"9b9b3d43-a775-4cd1-8454-e405e2fea459","type":"products","attributes":{"parent_sku":"sku sample","name":"Samsung Galaxy S21","description":"sample description","status":"in_stock"},"relationships":{"skus":{"data":[{"type":"skus","id":"9b9b3d43-a791-471c-82ec-edb5fb8e6b65"}]}}}],"links":{"first":"http:\/\/test-app\/api\/products?include=skus&page%5Bnumber%5D=1","last":"http:\/\/test-app\/api\/products?include=skus&page%5Bnumber%5D=1"},"meta":{"current_page":1,"from":1,"last_page":1,"links":[{"url":null,"label":"&laquo; Previous","active":false},{"url":"http:\/\/test-app\/api\/products?include=skus&page%5Bnumber%5D=1","label":"1","active":true},{"url":null,"label":"Next &raquo;","active":false}],"path":"http:\/\/test-app\/api\/products","per_page":30,"to":1,"total":1},"included":[{"id":"9b9b3d43-a791-471c-82ec-edb5fb8e6b65","type":"skus","attributes":{"code":"sample-code","price":{"amount":34900,"currency":"USD","formatted":"$349.00"}}}]}