{"data":{"id":"9b9b3d43-a775-4cd1-8454-e405e2fea459","type":"products","attributes":{"parent_sku":"sku sample","name":"Samsung Galaxy S21","description":"sample description","status":"in_stock"},"relationships":{"skus":{"data":[{"type":"skus","id":"9b9b3d43-a791-471c-82ec-edb5fb8e6b65"}]}}},"included":[{"id":"9b9b3d43-a791-471c-82ec-edb5fb8e6b65","type":"skus","attributes":{"code":"sample-code","price":{"amount":34900,"currency":"USD","formatted":"$349.00"}}}]}