{"data":{"id":"9b9b3d43-a775-4cd1-8454-e405e2fea459","type":"products","attributes":{"parent_sku":"sku sample","name":"Samsung Galaxy S21","description":"sample description","status":"in_stock"},"relationships":{"brand":{"data":{"type":"brands","id":"9b9b3d43-a229-462a-9c26-5a7873c15730"}}}},"included":[{"id":"9b9b3d43-a229-462a-9c26-5a7873c15730","type":"brands","attributes":{"name":"test brand"}}]}